exports[`test Link changes the class when hovered 1`] = `
<h1
  className="hrfEcl">
  Facebook
</h1>
`;
